main::bb;qurt.c;58;2
main::bb::1;qurt.c;65;2
main::bb::2;qurt.c;67;3
preencheArray::bb;qurt.c;48;2
preencheArray::bb::6;qurt.c;49;2
preencheArray::bb::8;qurt.c;50;2
preencheArray::bb::9;qurt.c;52;1
qurt::bb;qurt.c;73;2
qurt::bb15;qurt.c;80;4
qurt::bb15::1;qurt.c;81;4
qurt::bb15::10;qurt.c;83;4
qurt::bb15::11;qurt.c;84;4
qurt::bb15::12;qurt.c;85;4
qurt::bb15::12:::1;qurt.c;85;4
qurt::bb15::4;qurt.c;81;4
qurt::bb15::5;qurt.c;82;4
qurt::bb15::6;qurt.c;83;4
qurt::bb2;qurt.c;74;3
qurt::bb23;qurt.c;87;7
qurt::bb25;qurt.c;88;4
qurt::bb25::1;qurt.c;89;4
qurt::bb25::4;qurt.c;89;4
qurt::bb25::5;qurt.c;90;4
qurt::bb25::6;qurt.c;91;4
qurt::bb25::7;qurt.c;91;4
qurt::bb25::8;qurt.c;92;4
qurt::bb25::9;qurt.c;93;4
qurt::bb25::9:::1;qurt.c;93;4
qurt::bb2::0:::1;qurt.c;74;3
qurt::bb3;qurt.c;76;2
qurt::bb30;qurt.c;96;4
qurt::bb30::1;qurt.c;97;4
qurt::bb30::11;qurt.c;101;4
qurt::bb30::12;qurt.c;102;4
qurt::bb30::3;qurt.c;98;4
qurt::bb30::6;qurt.c;98;4
qurt::bb30::7;qurt.c;99;4
qurt::bb30::8;qurt.c;100;4
qurt::bb30::9;qurt.c;100;4
qurt::bb37;qurt.c;104;1
qurt::bb3::10;qurt.c;78;17
qurt::bb3::11;qurt.c;78;7
qurt::bb3::14;qurt.c;79;2
qurt::bb3::2;qurt.c;76;2
qurt::bb3::4;qurt.c;76;2
qurt::bb3::6;qurt.c;76;2
qurt::bb3::8;qurt.c;77;2
qurt::bb::2;qurt.c;73;2
qurt_fabs::bb;qurt.c;10;3
qurt_fabs::bb1;qurt.c;10;15
qurt_fabs::bb1::1:::1;qurt.c;10;15
qurt_fabs::bb2;qurt.c;11;8
qurt_fabs::bb4;qurt.c;12;3
qurt_sqrt::bb;qurt.c;28;3
qurt_sqrt::bb1;qurt.c;30;3
qurt_sqrt::bb18;qurt.c;39;4
qurt_sqrt::bb19;qurt.c;40;3
qurt_sqrt::bb19::1:::1;qurt.c;40;3
qurt_sqrt::bb1::1:::1;qurt.c;30;3
qurt_sqrt::bb2;qurt.c;18;3
qurt_sqrt::bb20;qurt.c;41;5
qurt_sqrt::bb21;qurt.c;32;19
qurt_sqrt::bb21::2;qurt.c;32;19
qurt_sqrt::bb21::2:::1;qurt.c;32;19
qurt_sqrt::bb21::2:::2;qurt.c;32;19
qurt_sqrt::bb21::2:::3;qurt.c;32;19
qurt_sqrt::bb24;qurt.c;43;3
qurt_sqrt::bb2::2;qurt.c;32;10
qurt_sqrt::bb2::2:::1;qurt.c;32;10
qurt_sqrt::bb2::2:::2;qurt.c;32;10
qurt_sqrt::bb4;qurt.c;32;10
qurt_sqrt::bb6;qurt.c;33;3
qurt_sqrt::bb6::1::qurt_sqrt::bb20;qurt.c;33;3
qurt_sqrt::bb6::1::qurt_sqrt::bb20:::1;qurt.c;33;3
qurt_sqrt::bb6::1::qurt_sqrt::bb20:::2;qurt.c;33;3
qurt_sqrt::bb8;qurt.c;35;4
qurt_sqrt::bb8::10;qurt.c;37;8
qurt_sqrt::bb8::12;qurt.c;37;8
qurt_sqrt::bb8::12::qurt_sqrt::bb19;qurt.c;37;8
qurt_sqrt::bb8::12::qurt_sqrt::bb19:::1;qurt.c;37;8
