complex::bb;janne_complex.c;8;3
complex::bb10;janne_complex.c;11;5
complex::bb10::2;janne_complex.c;12;4
complex::bb10::2:::1;janne_complex.c;12;4
complex::bb12;janne_complex.c;14;5
complex::bb14;janne_complex.c;16;4
complex::bb16;janne_complex.c;16;4
complex::bb18;janne_complex.c;17;5
complex::bb18::2;janne_complex.c;18;4
complex::bb18::2:::1;janne_complex.c;18;4
complex::bb20;janne_complex.c;20;5
complex::bb22;janne_complex.c;22;2
complex::bb22::1:::1;janne_complex.c;22;2
complex::bb22::1:::2;janne_complex.c;22;2
complex::bb23;janne_complex.c;23;7
complex::bb23::2;janne_complex.c;24;7
complex::bb23::4;janne_complex.c;25;5
complex::bb23::4:::1;janne_complex.c;25;5
complex::bb23::4:::2;janne_complex.c;25;5
complex::bb26;janne_complex.c;26;3
complex::bb4;janne_complex.c;8;3
complex::bb5;janne_complex.c;9;7
complex::bb5::0:::1;janne_complex.c;9;7
complex::bb6;janne_complex.c;9;7
complex::bb8;janne_complex.c;10;4
complex::bb::2:::1;janne_complex.c;8;3
main::bb;janne_complex.c;31;12
main::bb::5;janne_complex.c;32;3
