fabs2::bb;sqrt.c;3;4
fabs2::bb1;sqrt.c;4;7
fabs2::bb1::1;sqrt.c;4;7
fabs2::bb1::1:::1;sqrt.c;4;7
fabs2::bb3;sqrt.c;6;7
fabs2::bb4;sqrt.c;7;1
main::bb;sqrt.c;43;2
main::bb::2;sqrt.c;46;1
sqrtfcn::bb;sqrt.c;12;4
sqrtfcn::bb2;sqrt.c;24;7
sqrtfcn::bb23;sqrt.c;33;16
sqrtfcn::bb24;sqrt.c;34;10
sqrtfcn::bb24::1:::1;sqrt.c;34;10
sqrtfcn::bb25;sqrt.c;35;7
sqrtfcn::bb26;sqrt.c;26;21
sqrtfcn::bb26::2;sqrt.c;26;21
sqrtfcn::bb26::2:::1;sqrt.c;26;21
sqrtfcn::bb26::2:::2;sqrt.c;26;21
sqrtfcn::bb26::2:::3;sqrt.c;26;21
sqrtfcn::bb29;sqrt.c;37;4
sqrtfcn::bb2::1:::1;sqrt.c;24;7
sqrtfcn::bb3;sqrt.c;13;4
sqrtfcn::bb3::2;sqrt.c;26;12
sqrtfcn::bb3::2:::1;sqrt.c;26;12
sqrtfcn::bb3::2:::2;sqrt.c;26;12
sqrtfcn::bb5;sqrt.c;26;12
sqrtfcn::bb7;sqrt.c;28;10
sqrtfcn::bb7::1::sqrtfcn::bb25;sqrt.c;28;10
sqrtfcn::bb7::1::sqrtfcn::bb25:::1;sqrt.c;28;10
sqrtfcn::bb7::1::sqrtfcn::bb25:::2;sqrt.c;28;10
sqrtfcn::bb9;sqrt.c;30;13
sqrtfcn::bb9::12;sqrt.c;32;17
sqrtfcn::bb9::15;sqrt.c;32;17
sqrtfcn::bb9::15::sqrtfcn::bb24;sqrt.c;32;17
sqrtfcn::bb9::15::sqrtfcn::bb24:::1;sqrt.c;32;17
sqrtfcn::bb::7;sqrt.c;23;4
