main::bb;lcdnum.c;35;7
main::bb1;lcdnum.c;35;7
main::bb2;lcdnum.c;39;7
main::bb4;lcdnum.c;42;17
main::bb4::2;lcdnum.c;42;17
main::bb6;lcdnum.c;44;5
main::bb7;lcdnum.c;35;18
main::bb7::2;lcdnum.c;35;18
main::bb7::2:::1;lcdnum.c;35;18
main::bb9;lcdnum.c;45;3
num_to_lcd::bb;lcdnum.c;3;3
num_to_lcd::bb1;lcdnum.c;5;16
num_to_lcd::bb10;lcdnum.c;14;16
num_to_lcd::bb10::0:::1;lcdnum.c;14;16
num_to_lcd::bb11;lcdnum.c;15;16
num_to_lcd::bb11::0:::1;lcdnum.c;15;16
num_to_lcd::bb12;lcdnum.c;16;16
num_to_lcd::bb12::0:::1;lcdnum.c;16;16
num_to_lcd::bb13;lcdnum.c;17;16
num_to_lcd::bb13::0:::1;lcdnum.c;17;16
num_to_lcd::bb14;lcdnum.c;18;16
num_to_lcd::bb14::0:::1;lcdnum.c;18;16
num_to_lcd::bb15;lcdnum.c;19;16
num_to_lcd::bb15::0:::1;lcdnum.c;19;16
num_to_lcd::bb16;lcdnum.c;20;16
num_to_lcd::bb16::0:::1;lcdnum.c;20;16
num_to_lcd::bb17;lcdnum.c;22;3
num_to_lcd::bb18;lcdnum.c;23;1
num_to_lcd::bb1::0:::1;lcdnum.c;5;16
num_to_lcd::bb2;lcdnum.c;6;16
num_to_lcd::bb2::0:::1;lcdnum.c;6;16
num_to_lcd::bb3;lcdnum.c;7;16
num_to_lcd::bb3::0:::1;lcdnum.c;7;16
num_to_lcd::bb4;lcdnum.c;8;16
num_to_lcd::bb4::0:::1;lcdnum.c;8;16
num_to_lcd::bb5;lcdnum.c;9;16
num_to_lcd::bb5::0:::1;lcdnum.c;9;16
num_to_lcd::bb6;lcdnum.c;10;16
num_to_lcd::bb6::0:::1;lcdnum.c;10;16
num_to_lcd::bb7;lcdnum.c;11;16
num_to_lcd::bb7::0:::1;lcdnum.c;11;16
num_to_lcd::bb8;lcdnum.c;12;16
num_to_lcd::bb8::0:::1;lcdnum.c;12;16
num_to_lcd::bb9;lcdnum.c;13;16
num_to_lcd::bb9::0:::1;lcdnum.c;13;16
