fabs::bb;ludcmp.c;11;2
fabs::bb1;ludcmp.c;13;2
fabs::bb1::1:::1;ludcmp.c;13;2
fabs::bb2;ludcmp.c;15;3
fabs::bb4;ludcmp.c;17;2
ludcmp::bb;ludcmp.c;55;2
ludcmp::bb1;ludcmp.c;55;2
ludcmp::bb108;ludcmp.c;88;3
ludcmp::bb111;ludcmp.c;83;22
ludcmp::bb111::2;ludcmp.c;83;22
ludcmp::bb111::2:::1;ludcmp.c;83;22
ludcmp::bb113;ludcmp.c;90;2
ludcmp::bb113::10;ludcmp.c;90;2
ludcmp::bb113::11;ludcmp.c;91;7
ludcmp::bb113::6;ludcmp.c;90;2
ludcmp::bb124;ludcmp.c;91;7
ludcmp::bb124::3;ludcmp.c;91;7
ludcmp::bb126;ludcmp.c;92;3
ludcmp::bb126::5;ludcmp.c;93;8
ludcmp::bb126::5:::1;ludcmp.c;93;8
ludcmp::bb130;ludcmp.c;93;8
ludcmp::bb132;ludcmp.c;95;3
ludcmp::bb133;ludcmp.c;94;4
ludcmp::bb133::11;ludcmp.c;93;27
ludcmp::bb133::11:::1;ludcmp.c;93;27
ludcmp::bb133::11:::2;ludcmp.c;93;27
ludcmp::bb133::6;ludcmp.c;94;4
ludcmp::bb133::8;ludcmp.c;94;4
ludcmp::bb133::9;ludcmp.c;93;27
ludcmp::bb14;ludcmp.c;61;4
ludcmp::bb144;ludcmp.c;96;3
ludcmp::bb144::7;ludcmp.c;96;3
ludcmp::bb14::0:::1;ludcmp.c;61;4
ludcmp::bb15;ludcmp.c;63;8
ludcmp::bb152;ludcmp.c;91;26
ludcmp::bb152::0:::1;ludcmp.c;91;26
ludcmp::bb153;ludcmp.c;98;2
ludcmp::bb154;ludcmp.c;100;1
ludcmp::bb16;ludcmp.c;63;8
ludcmp::bb16::3;ludcmp.c;63;8
ludcmp::bb18;ludcmp.c;64;4
ludcmp::bb18::6;ludcmp.c;65;4
ludcmp::bb18::6::ludcmp::bb41;ludcmp.c;65;4
ludcmp::bb18::6::ludcmp::bb41:::1;ludcmp.c;65;4
ludcmp::bb24;ludcmp.c;66;10
ludcmp::bb24::1:::1;ludcmp.c;66;10
ludcmp::bb25;ludcmp.c;66;10
ludcmp::bb27;ludcmp.c;68;5
ludcmp::bb28;ludcmp.c;67;6
ludcmp::bb28::10;ludcmp.c;66;24
ludcmp::bb28::12;ludcmp.c;66;24
ludcmp::bb28::12:::1;ludcmp.c;66;24
ludcmp::bb28::12:::2;ludcmp.c;66;24
ludcmp::bb28::7;ludcmp.c;67;6
ludcmp::bb28::9;ludcmp.c;67;6
ludcmp::bb3;ludcmp.c;56;3
ludcmp::bb3::0:::1;ludcmp.c;56;3
ludcmp::bb4;ludcmp.c;59;7
ludcmp::bb40;ludcmp.c;69;4
ludcmp::bb41;ludcmp.c;72;4
ludcmp::bb41::9;ludcmp.c;72;4
ludcmp::bb5;ludcmp.c;59;7
ludcmp::bb50;ludcmp.c;63;27
ludcmp::bb50::0:::1;ludcmp.c;63;27
ludcmp::bb51;ludcmp.c;74;8
ludcmp::bb52;ludcmp.c;74;8
ludcmp::bb52::3;ludcmp.c;74;8
ludcmp::bb54;ludcmp.c;75;4
ludcmp::bb54::7;ludcmp.c;76;9
ludcmp::bb54::7:::1;ludcmp.c;76;9
ludcmp::bb60;ludcmp.c;76;9
ludcmp::bb62;ludcmp.c;78;4
ludcmp::bb63;ludcmp.c;77;5
ludcmp::bb63::10;ludcmp.c;77;5
ludcmp::bb63::11;ludcmp.c;76;24
ludcmp::bb63::13;ludcmp.c;76;24
ludcmp::bb63::13:::1;ludcmp.c;76;24
ludcmp::bb63::13:::2;ludcmp.c;76;24
ludcmp::bb63::8;ludcmp.c;77;5
ludcmp::bb7;ludcmp.c;60;7
ludcmp::bb76;ludcmp.c;79;4
ludcmp::bb7::4;ludcmp.c;60;7
ludcmp::bb7::6;ludcmp.c;60;7
ludcmp::bb81;ludcmp.c;74;27
ludcmp::bb81::0:::1;ludcmp.c;74;27
ludcmp::bb82;ludcmp.c;81;2
ludcmp::bb83;ludcmp.c;59;21
ludcmp::bb83::2;ludcmp.c;59;21
ludcmp::bb83::2:::1;ludcmp.c;59;21
ludcmp::bb85;ludcmp.c;82;2
ludcmp::bb85::2;ludcmp.c;82;2
ludcmp::bb85::4;ludcmp.c;83;7
ludcmp::bb88;ludcmp.c;83;7
ludcmp::bb90;ludcmp.c;84;3
ludcmp::bb90::5;ludcmp.c;85;8
ludcmp::bb90::5:::1;ludcmp.c;85;8
ludcmp::bb94;ludcmp.c;85;8
ludcmp::bb96;ludcmp.c;87;3
ludcmp::bb97;ludcmp.c;86;4
ludcmp::bb97::11;ludcmp.c;85;22
ludcmp::bb97::11:::1;ludcmp.c;85;22
ludcmp::bb97::11:::2;ludcmp.c;85;22
ludcmp::bb97::6;ludcmp.c;86;4
ludcmp::bb97::8;ludcmp.c;86;4
ludcmp::bb97::9;ludcmp.c;85;22
main::bb;ludcmp.c;29;7
main::bb1;ludcmp.c;29;7
main::bb13;ludcmp.c;34;5
main::bb13::3;ludcmp.c;34;5
main::bb13::5;ludcmp.c;34;5
main::bb19;ludcmp.c;38;3
main::bb2;ludcmp.c;31;8
main::bb20;ludcmp.c;37;4
main::bb20::4;ludcmp.c;37;4
main::bb20::5;ludcmp.c;31;23
main::bb20::7;ludcmp.c;31;23
main::bb20::7:::1;ludcmp.c;31;23
main::bb20::7:::2;ludcmp.c;31;23
main::bb27;ludcmp.c;39;3
main::bb2::2:::1;ludcmp.c;31;8
main::bb3;ludcmp.c;31;8
main::bb30;ludcmp.c;29;22
main::bb30::2;ludcmp.c;29;22
main::bb30::2:::1;ludcmp.c;29;22
main::bb32;ludcmp.c;42;11
main::bb32::2;ludcmp.c;44;2
main::bb5;ludcmp.c;32;4
main::bb5::8;ludcmp.c;33;4
