expint::bb;expint.c;23;3
expint::bb2;expint.c;27;7
expint::bb21;expint.c;42;15
expint::bb21::3;expint.c;43;15
expint::bb21::3:::1;expint.c;43;15
expint::bb24;expint.c;45;9
expint::bb25;expint.c;32;23
expint::bb25::2;expint.c;32;23
expint::bb25::2:::1;expint.c;32;23
expint::bb25::2:::2;expint.c;32;23
expint::bb25::2:::3;expint.c;32;23
expint::bb25::2:::4;expint.c;32;23
expint::bb25::2:::5;expint.c;32;23
expint::bb27;expint.c;46;5
expint::bb27::0:::1;expint.c;46;5
expint::bb28;expint.c;51;7
expint::bb28::1:::else;expint.c;51;7
expint::bb28::1:::else:::1;expint.c;51;7
expint::bb28::1:::join;expint.c;51;7
expint::bb28::1:::then;expint.c;51;7
expint::bb28::1:::then:::1;expint.c;51;7
expint::bb28::5;expint.c;53;12
expint::bb28::5:::1;expint.c;53;12
expint::bb28::5:::2;expint.c;53;12
expint::bb2::7;expint.c;32;12
expint::bb2::7:::1;expint.c;32;12
expint::bb2::7:::2;expint.c;32;12
expint::bb2::7:::3;expint.c;32;12
expint::bb2::7:::4;expint.c;32;12
expint::bb31;expint.c;53;12
expint::bb33;expint.c;55;11
expint::bb33::6;expint.c;56;11
expint::bb39;expint.c;57;13
expint::bb39::5;expint.c;57;13
expint::bb39::5:::1;expint.c;57;13
expint::bb44;expint.c;61;20
expint::bb44::2:::1;expint.c;61;20
expint::bb45;expint.c;61;20
expint::bb47;expint.c;62;17
expint::bb48;expint.c;62;17
expint::bb48::3;expint.c;61;33
expint::bb48::5;expint.c;61;33
expint::bb48::5:::1;expint.c;61;33
expint::bb48::5:::2;expint.c;61;33
expint::bb5;expint.c;32;12
expint::bb53;expint.c;63;28
expint::bb53::2;expint.c;63;28
expint::bb57;expint.c;66;9
expint::bb58;expint.c;65;11
expint::bb58::1;expint.c;53;23
expint::bb58::3;expint.c;53;23
expint::bb58::3:::1;expint.c;53;23
expint::bb58::3:::2;expint.c;53;23
expint::bb58::3:::3;expint.c;53;23
expint::bb62;expint.c;69;3
expint::bb63;expint.c;70;1
expint::bb7;expint.c;34;11
expint::bb7::12;expint.c;37;11
expint::bb7::14;expint.c;38;11
expint::bb7::16;expint.c;39;11
expint::bb7::19;expint.c;40;11
expint::bb7::5;expint.c;35;11
expint::bb7::9;expint.c;36;11
expint::bb::6;expint.c;25;3
foo::bb;expint.c;13;3
main::bb;expint.c;5;3
main::bb::1;expint.c;8;3
