insertsort::bb;insertsort.c;7;3
insertsort::bb1;insertsort.c;7;3
insertsort::bb12;insertsort.c;11;2
insertsort::bb12::10;insertsort.c;12;2
insertsort::bb12::14;insertsort.c;13;2
insertsort::bb12::15;insertsort.c;14;2
insertsort::bb12::17;insertsort.c;15;7
insertsort::bb12::17:::1;insertsort.c;15;7
insertsort::bb12::7;insertsort.c;12;2
insertsort::bb2;insertsort.c;9;7
insertsort::bb26;insertsort.c;16;7
insertsort::bb26::2;insertsort.c;17;3
insertsort::bb26::2:::1;insertsort.c;17;3
insertsort::bb28;insertsort.c;18;1
insertsort::bb3;insertsort.c;9;7
insertsort::bb3::7;insertsort.c;9;7
insertsort::bb3::9;insertsort.c;9;7
main::bb;insertsort.c;23;3
main::bb::1;insertsort.c;24;3
main::bb::10;insertsort.c;33;3
main::bb::11;insertsort.c;35;3
main::bb::12;insertsort.c;37;3
main::bb::2;insertsort.c;25;3
main::bb::3;insertsort.c;26;3
main::bb::4;insertsort.c;27;3
main::bb::5;insertsort.c;28;3
main::bb::6;insertsort.c;29;3
main::bb::7;insertsort.c;30;3
main::bb::8;insertsort.c;31;3
main::bb::9;insertsort.c;32;3
